Fibonacci numbers
Up to     10 

     1 
     1 
+++++++++++
     1 
     2 
     3 
     5 
     8 
+++++++++++
